[0m21:22:16.321892 [debug] [MainThread]: Sending event: {'category': 'dbt', 'action': 'invocation', 'label': 'start', 'context': [<snowplow_tracker.self_describing_json.SelfDescribingJson object at 0x112717d10>, <snowplow_tracker.self_describing_json.SelfDescribingJson object at 0x112717410>, <snowplow_tracker.self_describing_json.SelfDescribingJson object at 0x112715ad0>]}


============================== 21:22:16.340780 | f3d638e0-3d27-4167-b40b-45641482439f ==============================
[0m21:22:16.340780 [info ] [MainThread]: Running with dbt=1.11.2
[0m21:22:16.341160 [debug] [MainThread]: running dbt with arguments {'warn_error_options': 'WarnErrorOptionsV2(error=[], warn=[], silence=[])', 'use_experimental_parser': 'False', 'fail_fast': 'False', 'version_check': 'True', 'quiet': 'False', 'log_cache_events': 'False', 'indirect_selection': 'eager', 'write_json': 'True', 'printer_width': '80', 'cache_selected_only': 'False', 'log_path': 'logs', 'partial_parse': 'True', 'profiles_dir': '/Users/elmaia/.dbt', 'target_path': 'None', 'debug': 'False', 'warn_error': 'None', 'log_format': 'default', 'no_print': 'None', 'empty': 'None', 'invocation_command': 'dbt init', 'use_colors': 'True', 'static_parser': 'True', 'send_anonymous_usage_stats': 'True', 'introspect': 'True'}
[0m21:22:16.371838 [info ] [MainThread]: Creating dbt configuration folder at /Users/elmaia/.dbt
[0m21:22:21.696419 [debug] [MainThread]: Starter project path: /Users/elmaia/Development/telecom_brazil_analysis/venv/lib/python3.11/site-packages/dbt/include/starter_project
[0m21:22:21.709745 [info ] [MainThread]: 
Your new dbt project "dbt_telecom" was created!

For more information on how to configure the profiles.yml file,
please consult the dbt documentation here:

  https://docs.getdbt.com/docs/configure-your-profile

One more thing:

Need help? Don't hesitate to reach out to us via GitHub issues or on Slack:

  https://community.getdbt.com/

Happy modeling!

[0m21:22:21.710445 [info ] [MainThread]: Setting up your profile.
[0m21:22:21.711398 [error] [MainThread]: Encountered an error:
Runtime Error
  No adapters available. Learn how to install an adapter by going to https://docs.getdbt.com/docs/connect-adapters#install-using-the-cli
[0m21:22:21.756766 [debug] [MainThread]: Resource report: {"command_name": "init", "command_success": false, "command_wall_clock_time": 5.480716, "process_in_blocks": "0", "process_kernel_time": 0.150073, "process_mem_max_rss": "125812736", "process_out_blocks": "0", "process_user_time": 0.61697}
[0m21:22:21.757346 [debug] [MainThread]: Command `dbt init` failed at 21:22:21.757253 after 5.48 seconds
[0m21:22:21.757722 [debug] [MainThread]: Sending event: {'category': 'dbt', 'action': 'invocation', 'label': 'end', 'context': [<snowplow_tracker.self_describing_json.SelfDescribingJson object at 0x112759a90>, <snowplow_tracker.self_describing_json.SelfDescribingJson object at 0x112759550>, <snowplow_tracker.self_describing_json.SelfDescribingJson object at 0x105170c90>]}
[0m21:22:21.758070 [debug] [MainThread]: Flushing usage events
[0m21:22:22.578178 [debug] [MainThread]: An error was encountered while trying to flush usage events
